     1                                  ;Displays 30 stars
     2                                  ;points TIMES 30 DW 0;creates 30 values
     3                                  
     4                                   SECTION.txt
     5                                     global main     ;must be declared for linker(ld)
     6                                   main:             ;tell linker entry point
     7                                  
     8                                  ; display stars
     9                                     
    10 00000000 BA32000000                  mov     edx,50       ;message length
    11 00000005 B9[33000000]                mov     ecx,stars    ;message to write
    12 0000000A BB01000000                  mov     ebx,1        ;file descriptor(stdout)
    13 0000000F B804000000                  mov     eax,4        ;system call number(sys_write)
    14 00000014 CD80                        int     0x80         ;call kernel
    15                                    
    16                                  ;display a new ine
    17                                  
    18 00000016 BA01000000                  mov     edx,1        ;message length      
    19 0000001B B9[51000000]                mov     ecx,NewLine  ;carriage return
    20 00000020 BB01000000                  mov     ebx,1        ;file descriptor(stdout)
    21 00000025 B804000000                  mov     eax,4        ;system call number(sys_write)
    22 0000002A CD80                        int     0x80         ;call kernel
    23                                  
    24                                  ;
    25                                  ;
    26                                  ;now exit 
    27 0000002C B801000000                  mov     eax,1       ;system call number(sys_write)
    28 00000031 CD80                        int     0x80        ;call kernel
    29                                  
    30                                   SECTION.data
    31 00000033 2A<rept>                stars times 30 db '*'
    32 00000051 0A                      NewLine db 10 ;carriage return
    33                                  ;end of data section
    34                                  
